{
  "id": "https://schema.management.azure.com/schemas/2016-09-01/Microsoft.ServiceFabric.json#",
  "$schema": "http://json-schema.org/draft-04/schema#",
  "title": "Microsoft.ServiceFabric",
  "description": "Microsoft ServiceFabric Resource Types",
  "resourceDefinitions": {
    "clusters": {
      "type": "object",
      "properties": {
        "name": {
          "type": "string",
          "description": "The name of the cluster resource"
        },
        "type": {
          "type": "string",
          "enum": [
            "Microsoft.ServiceFabric/clusters"
          ]
        },
        "apiVersion": {
          "type": "string",
          "enum": [
            "2016-09-01"
          ]
        }
      },
      "required": [
        "name",
        "type",
        "apiVersion"
      ],
      "description": "Microsoft.ServiceFabric/clusters"
    }
  }
}
