{
  "id": "https://schema.management.azure.com/schemas/2018-11-01/Microsoft.Web.json#",
  "$schema": "http://json-schema.org/draft-04/schema#",
  "title": "Microsoft.Web",
  "description": "Microsoft Web Resource Types",
  "resourceDefinitions": {
    "certificates": {
      "type": "object",
      "properties": {
        "apiVersion": {
          "type": "string",
          "enum": [
            "2018-11-01"
          ]
        },
        "kind": {
          "type": "string",
          "description": "Kind of resource."
        },
        "location": {
          "type": "string",
          "description": "Resource Location."
        },
        "name": {
          "type": "string",
          "description": "Name of the certificate."
        },
        "properties": {
          "oneOf": [
            {
              "$ref": "#/definitions/CertificateProperties"
            },
            {
              "$ref": "https://schema.management.azure.com/schemas/common/definitions.json#/definitions/expression"
            }
          ],
          "description": "Certificate resource specific properties"
        },
        "tags": {
          "oneOf": [
            {
              "type": "object",
              "additionalProperties": {
                "type": "string"
              },
              "properties": {}
            },
            {
              "$ref": "https://schema.management.azure.com/schemas/common/definitions.json#/definitions/expression"
            }
          ],
          "description": "Resource tags."
        },
        "type": {
          "type": "string",
          "enum": [
            "Microsoft.Web/certificates"
          ]
        }
      },
      "required": [
        "apiVersion",
        "location",
        "name",
        "properties",
        "type"
      ],
      "description": "Microsoft.Web/certificates"
    }
  },
  "definitions": {
    "CertificateProperties": {
      "type": "object",
      "properties": {
        "hostNames": {
          "oneOf": [
            {
              "type": "array",
              "items": {
                "type": "string"
              }
            },
            {
              "$ref": "https://schema.management.azure.com/schemas/common/definitions.json#/definitions/expression"
            }
          ],
          "description": "Host names the certificate applies to."
        },
        "keyVaultId": {
          "type": "string",
          "description": "Key Vault Csm resource Id."
        },
        "keyVaultSecretName": {
          "type": "string",
          "description": "Key Vault secret name."
        },
        "password": {
          "type": "string",
          "description": "Certificate password."
        },
        "pfxBlob": {
          "oneOf": [
            {
              "type": "array",
              "items": {
                "type": "integer"
              }
            },
            {
              "$ref": "https://schema.management.azure.com/schemas/common/definitions.json#/definitions/expression"
            }
          ],
          "description": "Pfx blob."
        },
        "serverFarmId": {
          "type": "string",
          "description": "Resource ID of the associated App Service plan, formatted as: \"/subscriptions/{subscriptionID}/resourceGroups/{groupName}/providers/Microsoft.Web/serverfarms/{appServicePlanName}\"."
        }
      },
      "required": [
        "password"
      ],
      "description": "Certificate resource specific properties"
    }
  }
}
