{
  "id": "https://schema.management.azure.com/schemas/2016-05-16/Microsoft.AnalysisServices.json#",
  "$schema": "http://json-schema.org/draft-04/schema#",
  "title": "Microsoft.AnalysisServices",
  "description": "Microsoft AnalysisServices Resource Types",
  "resourceDefinitions": {
    "servers": {
      "type": "object",
      "properties": {
        "name": {
          "type": "string"
        },
        "type": {
          "type": "string",
          "enum": [
            "Microsoft.AnalysisServices/servers"
          ]
        },
        "apiVersion": {
          "type": "string",
          "enum": [
            "2016-05-16"
          ]
        },
        "location": {
          "type": "string",
          "description": "Location of the Analysis Services resource."
        },
        "sku": {
          "anyOf": [
            {
              "$ref": "#/definitions/ResourceSku"
            },
            {
              "$ref": "https://schema.management.azure.com/schemas/2015-01-01/deploymentTemplate.json#/definitions/expression"
            }
          ],
          "description": "The SKU of the Analysis Services resource."
        },
        "tags": {
          "anyOf": [
            {
              "type": "object",
              "additionalProperties": {
                "type": "string"
              }
            },
            {
              "$ref": "https://schema.management.azure.com/schemas/2015-01-01/deploymentTemplate.json#/definitions/expression"
            }
          ],
          "description": "Key-value pairs of additional resource provisioning properties."
        },
        "properties": {
          "anyOf": [
            {
              "$ref": "#/definitions/AnalysisServicesServerProperties"
            },
            {
              "$ref": "https://schema.management.azure.com/schemas/2015-01-01/deploymentTemplate.json#/definitions/expression"
            }
          ],
          "description": "Properties of the provision operation request."
        }
      },
      "required": [
        "name",
        "type",
        "apiVersion",
        "location",
        "sku",
        "properties"
      ],
      "description": "Microsoft.AnalysisServices/servers"
    }
  },
  "definitions": {
    "AnalysisServicesServerProperties": {
      "type": "object",
      "properties": {
        "asAdministrators": {
          "anyOf": [
            {
              "$ref": "#/definitions/ServerAdministrators"
            },
            {
              "$ref": "https://schema.management.azure.com/schemas/2015-01-01/deploymentTemplate.json#/definitions/expression"
            }
          ],
          "description": "A collection of AS server administrators"
        },
        "backupBlobContainerUri": {
          "type": "string",
          "description": "The container URI of backup blob."
        }
      },
      "description": "Properties of Analysis Services resource."
    },
    "ResourceSku": {
      "type": "object",
      "properties": {
        "name": {
          "type": "string",
          "description": "Name of the SKU level."
        },
        "tier": {
          "anyOf": [
            {
              "type": "string",
              "enum": [
                "Development",
                "Basic",
                "Standard"
              ]
            },
            {
              "$ref": "https://schema.management.azure.com/schemas/2015-01-01/deploymentTemplate.json#/definitions/expression"
            }
          ],
          "description": "The name of the Azure pricing tier to which the SKU applies."
        }
      },
      "required": [
        "name"
      ],
      "description": "Represents the SKU name and Azure pricing tier for Analysis Services resource."
    },
    "ServerAdministrators": {
      "type": "object",
      "properties": {
        "members": {
          "anyOf": [
            {
              "type": "array",
              "items": {
                "type": "string"
              }
            },
            {
              "$ref": "https://schema.management.azure.com/schemas/2015-01-01/deploymentTemplate.json#/definitions/expression"
            }
          ],
          "description": "An array of administrator user identities."
        }
      },
      "description": "An array of administrator user identities"
    }
  }
}
