{
  "id": "https://schema.management.azure.com/schemas/2017-07-01/Microsoft.RecoveryServices.json#",
  "$schema": "http://json-schema.org/draft-04/schema#",
  "title": "Microsoft.RecoveryServices",
  "description": "Microsoft RecoveryServices Resource Types",
  "resourceDefinitions": {
    "vaults_backupFabrics_backupProtectionIntent": {
      "type": "object",
      "properties": {
        "name": {
          "type": "string"
        },
        "type": {
          "type": "string",
          "enum": [
            "Microsoft.RecoveryServices/vaults/backupFabrics/backupProtectionIntent"
          ]
        },
        "apiVersion": {
          "type": "string",
          "enum": [
            "2017-07-01"
          ]
        },
        "location": {
          "type": "string",
          "description": "Resource location."
        },
        "tags": {
          "oneOf": [
            {
              "type": "object",
              "additionalProperties": {
                "type": "string"
              }
            },
            {
              "$ref": "https://schema.management.azure.com/schemas/2015-01-01/deploymentTemplate.json#/definitions/expression"
            }
          ],
          "description": "Resource tags."
        },
        "eTag": {
          "type": "string",
          "description": "Optional ETag."
        },
        "properties": {
          "oneOf": [
            {
              "$ref": "#/definitions/ProtectionIntent"
            },
            {
              "$ref": "https://schema.management.azure.com/schemas/2015-01-01/deploymentTemplate.json#/definitions/expression"
            }
          ],
          "description": "ProtectionIntentResource properties"
        }
      },
      "required": [
        "name",
        "type",
        "apiVersion",
        "properties"
      ],
      "description": "Microsoft.RecoveryServices/vaults/backupFabrics/backupProtectionIntent"
    }
  },
  "definitions": {
    "AzureResourceProtectionIntent": {
      "type": "object",
      "oneOf": [
        {
          "properties": {
            "protectionIntentItemType": {
              "oneOf": [
                {
                  "type": "string",
                  "enum": [
                    "AzureResourceItem"
                  ]
                },
                {
                  "$ref": "https://schema.management.azure.com/schemas/2015-01-01/deploymentTemplate.json#/definitions/expression"
                }
              ]
            }
          }
        }
      ],
      "properties": {
        "friendlyName": {
          "type": "string",
          "description": "Friendly name of the VM represented by this backup item."
        }
      },
      "description": "IaaS VM specific backup protection intent item."
    },
    "ProtectionIntent": {
      "type": "object",
      "oneOf": [
        {
          "allOf": [
            {
              "$ref": "#/definitions/AzureResourceProtectionIntent"
            }
          ],
          "properties": {
            "protectionIntentItemType": {
              "oneOf": [
                {
                  "type": "string",
                  "enum": [
                    "AzureResourceItem"
                  ]
                },
                {
                  "$ref": "https://schema.management.azure.com/schemas/2015-01-01/deploymentTemplate.json#/definitions/expression"
                }
              ]
            }
          }
        },
        {
          "properties": {
            "protectionIntentItemType": {
              "oneOf": [
                {
                  "type": "string",
                  "enum": [
                    "ProtectionIntent"
                  ]
                },
                {
                  "$ref": "https://schema.management.azure.com/schemas/2015-01-01/deploymentTemplate.json#/definitions/expression"
                }
              ]
            }
          }
        }
      ],
      "properties": {
        "backupManagementType": {
          "oneOf": [
            {
              "type": "string",
              "enum": [
                "Invalid",
                "AzureIaasVM",
                "MAB",
                "DPM",
                "AzureBackupServer",
                "AzureSql",
                "AzureStorage",
                "AzureWorkload",
                "DefaultBackup"
              ]
            },
            {
              "$ref": "https://schema.management.azure.com/schemas/2015-01-01/deploymentTemplate.json#/definitions/expression"
            }
          ],
          "description": "Type of backup managemenent for the backed up item."
        },
        "sourceResourceId": {
          "type": "string",
          "description": "ARM ID of the resource to be backed up."
        },
        "itemId": {
          "type": "string",
          "description": "ID of the item which is getting protected, In case of Azure Vm , it is ProtectedItemId"
        },
        "policyId": {
          "type": "string",
          "description": "ID of the backup policy with which this item is backed up."
        },
        "protectionState": {
          "oneOf": [
            {
              "type": "string",
              "enum": [
                "Invalid",
                "NotProtected",
                "Protecting",
                "Protected",
                "ProtectionFailed"
              ]
            },
            {
              "$ref": "https://schema.management.azure.com/schemas/2015-01-01/deploymentTemplate.json#/definitions/expression"
            }
          ],
          "description": "Backup state of this backup item."
        }
      },
      "description": "Base class for backup ProtectionIntent."
    }
  }
}
