{
  "id": "https://schema.management.azure.com/schemas/2016-05-01-preview/Microsoft.MachineLearning.json#",
  "$schema": "http://json-schema.org/draft-04/schema#",
  "title": "Microsoft.MachineLearning",
  "description": "Microsoft MachineLearning Resource Types",
  "resourceDefinitions": {
    "commitmentPlans": {
      "type": "object",
      "properties": {
        "name": {
          "type": "string",
          "description": "The Azure ML commitment plan name."
        },
        "type": {
          "type": "string",
          "enum": [
            "Microsoft.MachineLearning/commitmentPlans"
          ]
        },
        "apiVersion": {
          "type": "string",
          "enum": [
            "2016-05-01-preview"
          ]
        },
        "location": {
          "type": "string",
          "description": "Resource location."
        },
        "tags": {
          "oneOf": [
            {
              "type": "object",
              "additionalProperties": {
                "type": "string"
              }
            },
            {
              "$ref": "https://schema.management.azure.com/schemas/2015-01-01/deploymentTemplate.json#/definitions/expression"
            }
          ],
          "description": "User-defined tags for the resource."
        },
        "etag": {
          "type": "string",
          "description": "An entity tag used to enforce optimistic concurrency."
        },
        "sku": {
          "oneOf": [
            {
              "$ref": "#/definitions/ResourceSku"
            },
            {
              "$ref": "https://schema.management.azure.com/schemas/2015-01-01/deploymentTemplate.json#/definitions/expression"
            }
          ],
          "description": "The commitment plan SKU."
        }
      },
      "required": [
        "name",
        "type",
        "apiVersion",
        "location"
      ],
      "description": "Microsoft.MachineLearning/commitmentPlans"
    }
  },
  "definitions": {
    "ResourceSku": {
      "type": "object",
      "properties": {
        "capacity": {
          "oneOf": [
            {
              "type": "integer"
            },
            {
              "$ref": "https://schema.management.azure.com/schemas/2015-01-01/deploymentTemplate.json#/definitions/expression"
            }
          ],
          "description": "The scale-out capacity of the resource. 1 is 1x, 2 is 2x, etc. This impacts the quantities and cost of any commitment plan resource."
        },
        "name": {
          "type": "string",
          "description": "The SKU name. Along with tier, uniquely identifies the SKU."
        },
        "tier": {
          "type": "string",
          "description": "The SKU tier. Along with name, uniquely identifies the SKU."
        }
      },
      "description": "The SKU of a resource."
    }
  }
}
