{
  "id": "https://schema.management.azure.com/schemas/2015-08-01/Microsoft.EventHub.json#",
  "$schema": "http://json-schema.org/draft-04/schema#",
  "title": "Microsoft.EventHub",
  "description": "Microsoft EventHub Resource Types",
  "resourceDefinitions": {
    "namespaces": {
      "type": "object",
      "properties": {
        "name": {
          "type": "string",
          "minLength": 6,
          "maxLength": 50,
          "description": "The Namespace name"
        },
        "type": {
          "type": "string",
          "enum": [
            "Microsoft.EventHub/namespaces"
          ]
        },
        "apiVersion": {
          "type": "string",
          "enum": [
            "2015-08-01"
          ]
        },
        "location": {
          "type": "string",
          "description": "Namespace location."
        },
        "sku": {
          "anyOf": [
            {
              "$ref": "#/definitions/Sku"
            },
            {
              "$ref": "https://schema.management.azure.com/schemas/2015-01-01/deploymentTemplate.json#/definitions/expression"
            }
          ]
        },
        "tags": {
          "anyOf": [
            {
              "type": "object",
              "additionalProperties": {
                "type": "string"
              }
            },
            {
              "$ref": "https://schema.management.azure.com/schemas/2015-01-01/deploymentTemplate.json#/definitions/expression"
            }
          ],
          "description": "Namespace tags."
        },
        "properties": {
          "anyOf": [
            {
              "$ref": "#/definitions/NamespaceProperties"
            },
            {
              "$ref": "https://schema.management.azure.com/schemas/2015-01-01/deploymentTemplate.json#/definitions/expression"
            }
          ]
        },
        "resources": {
          "type": "array",
          "items": {
            "oneOf": [
              {
                "$ref": "#/definitions/namespaces_eventhubs_childResource"
              },
              {
                "$ref": "#/definitions/namespaces_AuthorizationRules_childResource"
              }
            ]
          }
        }
      },
      "required": [
        "name",
        "type",
        "apiVersion",
        "location",
        "properties"
      ],
      "description": "Microsoft.EventHub/namespaces"
    },
    "namespaces_AuthorizationRules": {
      "type": "object",
      "properties": {
        "name": {
          "type": "string",
          "minLength": 1,
          "maxLength": 50,
          "description": "The authorization rule name."
        },
        "type": {
          "type": "string",
          "enum": [
            "Microsoft.EventHub/namespaces/AuthorizationRules"
          ]
        },
        "apiVersion": {
          "type": "string",
          "enum": [
            "2015-08-01"
          ]
        },
        "location": {
          "type": "string",
          "description": "Data center location."
        },
        "properties": {
          "anyOf": [
            {
              "$ref": "#/definitions/SharedAccessAuthorizationRuleProperties"
            },
            {
              "$ref": "https://schema.management.azure.com/schemas/2015-01-01/deploymentTemplate.json#/definitions/expression"
            }
          ]
        }
      },
      "required": [
        "name",
        "type",
        "apiVersion",
        "properties"
      ],
      "description": "Microsoft.EventHub/namespaces/AuthorizationRules"
    },
    "namespaces_eventhubs": {
      "type": "object",
      "properties": {
        "name": {
          "type": "string",
          "minLength": 1,
          "maxLength": 50,
          "description": "The Event Hub name"
        },
        "type": {
          "type": "string",
          "enum": [
            "Microsoft.EventHub/namespaces/eventhubs"
          ]
        },
        "apiVersion": {
          "type": "string",
          "enum": [
            "2015-08-01"
          ]
        },
        "location": {
          "type": "string",
          "description": "Location of the resource."
        },
        "properties": {
          "anyOf": [
            {
              "$ref": "#/definitions/EventHubProperties"
            },
            {
              "$ref": "https://schema.management.azure.com/schemas/2015-01-01/deploymentTemplate.json#/definitions/expression"
            }
          ]
        },
        "resources": {
          "type": "array",
          "items": {
            "oneOf": [
              {
                "$ref": "#/definitions/namespaces_eventhubs_consumergroups_childResource"
              },
              {
                "$ref": "#/definitions/namespaces_eventhubs_authorizationRules_childResource"
              }
            ]
          }
        }
      },
      "required": [
        "name",
        "type",
        "apiVersion",
        "location",
        "properties"
      ],
      "description": "Microsoft.EventHub/namespaces/eventhubs"
    },
    "namespaces_eventhubs_authorizationRules": {
      "type": "object",
      "properties": {
        "name": {
          "type": "string",
          "minLength": 1,
          "maxLength": 50,
          "description": "The authorization rule name."
        },
        "type": {
          "type": "string",
          "enum": [
            "Microsoft.EventHub/namespaces/eventhubs/authorizationRules"
          ]
        },
        "apiVersion": {
          "type": "string",
          "enum": [
            "2015-08-01"
          ]
        },
        "location": {
          "type": "string",
          "description": "Data center location."
        },
        "properties": {
          "anyOf": [
            {
              "$ref": "#/definitions/SharedAccessAuthorizationRuleProperties"
            },
            {
              "$ref": "https://schema.management.azure.com/schemas/2015-01-01/deploymentTemplate.json#/definitions/expression"
            }
          ]
        }
      },
      "required": [
        "name",
        "type",
        "apiVersion",
        "properties"
      ],
      "description": "Microsoft.EventHub/namespaces/eventhubs/authorizationRules"
    },
    "namespaces_eventhubs_consumergroups": {
      "type": "object",
      "properties": {
        "name": {
          "type": "string",
          "minLength": 1,
          "maxLength": 50,
          "description": "The consumer group name"
        },
        "type": {
          "type": "string",
          "enum": [
            "Microsoft.EventHub/namespaces/eventhubs/consumergroups"
          ]
        },
        "apiVersion": {
          "type": "string",
          "enum": [
            "2015-08-01"
          ]
        },
        "location": {
          "type": "string",
          "description": "Location of the resource."
        },
        "properties": {
          "anyOf": [
            {
              "$ref": "#/definitions/ConsumerGroupProperties"
            },
            {
              "$ref": "https://schema.management.azure.com/schemas/2015-01-01/deploymentTemplate.json#/definitions/expression"
            }
          ]
        }
      },
      "required": [
        "name",
        "type",
        "apiVersion",
        "location",
        "properties"
      ],
      "description": "Microsoft.EventHub/namespaces/eventhubs/consumergroups"
    }
  },
  "definitions": {
    "ConsumerGroupProperties": {
      "type": "object",
      "properties": {
        "userMetadata": {
          "type": "string",
          "description": "The user metadata."
        }
      },
      "description": "Properties supplied to the Create Or Update Consumer Group operation."
    },
    "EventHubProperties": {
      "type": "object",
      "properties": {
        "messageRetentionInDays": {
          "anyOf": [
            {
              "type": "integer"
            },
            {
              "$ref": "https://schema.management.azure.com/schemas/2015-01-01/deploymentTemplate.json#/definitions/expression"
            }
          ],
          "description": "Number of days to retain the events for this Event Hub."
        },
        "partitionCount": {
          "anyOf": [
            {
              "type": "integer"
            },
            {
              "$ref": "https://schema.management.azure.com/schemas/2015-01-01/deploymentTemplate.json#/definitions/expression"
            }
          ],
          "description": "Number of partitions created for the Event Hub."
        },
        "status": {
          "anyOf": [
            {
              "type": "string",
              "enum": [
                "Active",
                "Disabled",
                "Restoring",
                "SendDisabled",
                "ReceiveDisabled",
                "Creating",
                "Deleting",
                "Renaming",
                "Unknown"
              ]
            },
            {
              "$ref": "https://schema.management.azure.com/schemas/2015-01-01/deploymentTemplate.json#/definitions/expression"
            }
          ],
          "description": "Enumerates the possible values for the status of the Event Hub."
        }
      },
      "description": "Properties supplied to the Create Or Update Event Hub operation."
    },
    "NamespaceProperties": {
      "type": "object",
      "properties": {
        "status": {
          "anyOf": [
            {
              "type": "string",
              "enum": [
                "Unknown",
                "Creating",
                "Created",
                "Activating",
                "Enabling",
                "Active",
                "Disabling",
                "Disabled",
                "SoftDeleting",
                "SoftDeleted",
                "Removing",
                "Removed",
                "Failed"
              ]
            },
            {
              "$ref": "https://schema.management.azure.com/schemas/2015-01-01/deploymentTemplate.json#/definitions/expression"
            }
          ],
          "description": "State of the Namespace."
        },
        "provisioningState": {
          "type": "string",
          "description": "Provisioning state of the Namespace."
        },
        "createdAt": {
          "type": "string",
          "format": "date-time",
          "description": "The time the Namespace was created."
        },
        "updatedAt": {
          "type": "string",
          "format": "date-time",
          "description": "The time the Namespace was updated."
        },
        "serviceBusEndpoint": {
          "type": "string",
          "description": "Endpoint you can use to perform Service Bus operations."
        },
        "enabled": {
          "anyOf": [
            {
              "type": "boolean"
            },
            {
              "$ref": "https://schema.management.azure.com/schemas/2015-01-01/deploymentTemplate.json#/definitions/expression"
            }
          ],
          "description": "Specifies whether this instance is enabled."
        }
      },
      "description": "Properties of the Namespace supplied for create or update Namespace operation"
    },
    "namespaces_AuthorizationRules_childResource": {
      "type": "object",
      "properties": {
        "name": {
          "type": "string",
          "description": "The authorization rule name."
        },
        "type": {
          "type": "string",
          "enum": [
            "AuthorizationRules"
          ]
        },
        "apiVersion": {
          "type": "string",
          "enum": [
            "2015-08-01"
          ]
        },
        "location": {
          "type": "string",
          "description": "Data center location."
        },
        "properties": {
          "anyOf": [
            {
              "$ref": "#/definitions/SharedAccessAuthorizationRuleProperties"
            },
            {
              "$ref": "https://schema.management.azure.com/schemas/2015-01-01/deploymentTemplate.json#/definitions/expression"
            }
          ]
        }
      },
      "required": [
        "name",
        "type",
        "apiVersion",
        "properties"
      ],
      "description": "Microsoft.EventHub/namespaces/AuthorizationRules"
    },
    "namespaces_eventhubs_authorizationRules_childResource": {
      "type": "object",
      "properties": {
        "name": {
          "type": "string",
          "description": "The authorization rule name."
        },
        "type": {
          "type": "string",
          "enum": [
            "authorizationRules"
          ]
        },
        "apiVersion": {
          "type": "string",
          "enum": [
            "2015-08-01"
          ]
        },
        "location": {
          "type": "string",
          "description": "Data center location."
        },
        "properties": {
          "anyOf": [
            {
              "$ref": "#/definitions/SharedAccessAuthorizationRuleProperties"
            },
            {
              "$ref": "https://schema.management.azure.com/schemas/2015-01-01/deploymentTemplate.json#/definitions/expression"
            }
          ]
        }
      },
      "required": [
        "name",
        "type",
        "apiVersion",
        "properties"
      ],
      "description": "Microsoft.EventHub/namespaces/eventhubs/authorizationRules"
    },
    "namespaces_eventhubs_childResource": {
      "type": "object",
      "properties": {
        "name": {
          "type": "string",
          "description": "The Event Hub name"
        },
        "type": {
          "type": "string",
          "enum": [
            "eventhubs"
          ]
        },
        "apiVersion": {
          "type": "string",
          "enum": [
            "2015-08-01"
          ]
        },
        "location": {
          "type": "string",
          "description": "Location of the resource."
        },
        "properties": {
          "anyOf": [
            {
              "$ref": "#/definitions/EventHubProperties"
            },
            {
              "$ref": "https://schema.management.azure.com/schemas/2015-01-01/deploymentTemplate.json#/definitions/expression"
            }
          ]
        },
        "resources": {
          "type": "array",
          "items": {
            "oneOf": [
              {
                "$ref": "#/definitions/namespaces_eventhubs_consumergroups_childResource"
              },
              {
                "$ref": "#/definitions/namespaces_eventhubs_authorizationRules_childResource"
              }
            ]
          }
        }
      },
      "required": [
        "name",
        "type",
        "apiVersion",
        "location",
        "properties"
      ],
      "description": "Microsoft.EventHub/namespaces/eventhubs"
    },
    "namespaces_eventhubs_consumergroups_childResource": {
      "type": "object",
      "properties": {
        "name": {
          "type": "string",
          "description": "The consumer group name"
        },
        "type": {
          "type": "string",
          "enum": [
            "consumergroups"
          ]
        },
        "apiVersion": {
          "type": "string",
          "enum": [
            "2015-08-01"
          ]
        },
        "location": {
          "type": "string",
          "description": "Location of the resource."
        },
        "properties": {
          "anyOf": [
            {
              "$ref": "#/definitions/ConsumerGroupProperties"
            },
            {
              "$ref": "https://schema.management.azure.com/schemas/2015-01-01/deploymentTemplate.json#/definitions/expression"
            }
          ]
        }
      },
      "required": [
        "name",
        "type",
        "apiVersion",
        "location",
        "properties"
      ],
      "description": "Microsoft.EventHub/namespaces/eventhubs/consumergroups"
    },
    "SharedAccessAuthorizationRuleProperties": {
      "type": "object",
      "properties": {
        "rights": {
          "anyOf": [
            {
              "type": "array",
              "items": {
                "type": "string",
                "enum": [
                  "Manage",
                  "Send",
                  "Listen"
                ]
              }
            },
            {
              "$ref": "https://schema.management.azure.com/schemas/2015-01-01/deploymentTemplate.json#/definitions/expression"
            }
          ],
          "description": "The rights associated with the rule."
        }
      },
      "required": [
        "rights"
      ],
      "description": "Properties supplied to create or update SharedAccessAuthorizationRule"
    },
    "Sku": {
      "type": "object",
      "properties": {
        "name": {
          "anyOf": [
            {
              "type": "string",
              "enum": [
                "Basic",
                "Standard"
              ]
            },
            {
              "$ref": "https://schema.management.azure.com/schemas/2015-01-01/deploymentTemplate.json#/definitions/expression"
            }
          ],
          "description": "Name of this SKU."
        },
        "tier": {
          "anyOf": [
            {
              "type": "string",
              "enum": [
                "Basic",
                "Standard",
                "Premium"
              ]
            },
            {
              "$ref": "https://schema.management.azure.com/schemas/2015-01-01/deploymentTemplate.json#/definitions/expression"
            }
          ],
          "description": "The billing tier of this particular SKU."
        },
        "capacity": {
          "anyOf": [
            {
              "type": "integer"
            },
            {
              "$ref": "https://schema.management.azure.com/schemas/2015-01-01/deploymentTemplate.json#/definitions/expression"
            }
          ],
          "description": "The Event Hubs throughput units."
        }
      },
      "required": [
        "tier"
      ],
      "description": "SKU parameters supplied to the create Namespace operation"
    }
  }
}
