{
  "id": "https://schema.management.azure.com/schemas/2017-04-01/Microsoft.EventHub.json#",
  "$schema": "http://json-schema.org/draft-04/schema#",
  "title": "Microsoft.EventHub",
  "description": "Microsoft EventHub Resource Types",
  "resourceDefinitions": {
    "namespaces": {
      "type": "object",
      "properties": {
        "name": {
          "type": "string",
          "minLength": 6,
          "maxLength": 50,
          "description": "The Namespace name"
        },
        "type": {
          "type": "string",
          "enum": [
            "Microsoft.EventHub/namespaces"
          ]
        },
        "apiVersion": {
          "type": "string",
          "enum": [
            "2017-04-01"
          ]
        },
        "location": {
          "type": "string",
          "description": "Resource location"
        },
        "tags": {
          "oneOf": [
            {
              "type": "object",
              "additionalProperties": {
                "type": "string"
              }
            },
            {
              "$ref": "https://schema.management.azure.com/schemas/2015-01-01/deploymentTemplate.json#/definitions/expression"
            }
          ],
          "description": "Resource tags"
        },
        "sku": {
          "oneOf": [
            {
              "$ref": "#/definitions/Sku"
            },
            {
              "$ref": "https://schema.management.azure.com/schemas/2015-01-01/deploymentTemplate.json#/definitions/expression"
            }
          ],
          "description": "Properties of sku resource"
        },
        "properties": {
          "oneOf": [
            {
              "$ref": "#/definitions/EHNamespace_properties"
            },
            {
              "$ref": "https://schema.management.azure.com/schemas/2015-01-01/deploymentTemplate.json#/definitions/expression"
            }
          ],
          "description": "Namespace properties supplied for create namespace operation."
        },
        "resources": {
          "type": "array",
          "items": {
            "oneOf": [
              {
                "$ref": "#/definitions/namespaces_eventhubs_childResource"
              },
              {
                "$ref": "#/definitions/namespaces_disasterRecoveryConfigs_childResource"
              },
              {
                "$ref": "#/definitions/namespaces_AuthorizationRules_childResource"
              }
            ]
          }
        }
      },
      "required": [
        "name",
        "type",
        "apiVersion",
        "properties"
      ],
      "description": "Microsoft.EventHub/namespaces"
    },
    "namespaces_AuthorizationRules": {
      "type": "object",
      "properties": {
        "name": {
          "type": "string",
          "minLength": 1,
          "description": "The authorization rule name."
        },
        "type": {
          "type": "string",
          "enum": [
            "Microsoft.EventHub/namespaces/AuthorizationRules"
          ]
        },
        "apiVersion": {
          "type": "string",
          "enum": [
            "2017-04-01"
          ]
        },
        "properties": {
          "oneOf": [
            {
              "$ref": "#/definitions/AuthorizationRule_properties"
            },
            {
              "$ref": "https://schema.management.azure.com/schemas/2015-01-01/deploymentTemplate.json#/definitions/expression"
            }
          ],
          "description": "Properties supplied to create or update AuthorizationRule"
        }
      },
      "required": [
        "name",
        "type",
        "apiVersion",
        "properties"
      ],
      "description": "Microsoft.EventHub/namespaces/AuthorizationRules"
    },
    "namespaces_disasterRecoveryConfigs": {
      "type": "object",
      "properties": {
        "name": {
          "type": "string",
          "minLength": 1,
          "maxLength": 50,
          "description": "The Disaster Recovery configuration name"
        },
        "type": {
          "type": "string",
          "enum": [
            "Microsoft.EventHub/namespaces/disasterRecoveryConfigs"
          ]
        },
        "apiVersion": {
          "type": "string",
          "enum": [
            "2017-04-01"
          ]
        },
        "properties": {
          "oneOf": [
            {
              "$ref": "#/definitions/ArmDisasterRecovery_properties"
            },
            {
              "$ref": "https://schema.management.azure.com/schemas/2015-01-01/deploymentTemplate.json#/definitions/expression"
            }
          ],
          "description": "Properties required to the Create Or Update Alias(Disaster Recovery configurations)"
        }
      },
      "required": [
        "name",
        "type",
        "apiVersion",
        "properties"
      ],
      "description": "Microsoft.EventHub/namespaces/disasterRecoveryConfigs"
    },
    "namespaces_eventhubs": {
      "type": "object",
      "properties": {
        "name": {
          "type": "string",
          "minLength": 1,
          "description": "The Event Hub name"
        },
        "type": {
          "type": "string",
          "enum": [
            "Microsoft.EventHub/namespaces/eventhubs"
          ]
        },
        "apiVersion": {
          "type": "string",
          "enum": [
            "2017-04-01"
          ]
        },
        "properties": {
          "oneOf": [
            {
              "$ref": "#/definitions/Eventhub_properties"
            },
            {
              "$ref": "https://schema.management.azure.com/schemas/2015-01-01/deploymentTemplate.json#/definitions/expression"
            }
          ],
          "description": "Properties supplied to the Create Or Update Event Hub operation."
        },
        "resources": {
          "type": "array",
          "items": {
            "oneOf": [
              {
                "$ref": "#/definitions/namespaces_eventhubs_consumergroups_childResource"
              },
              {
                "$ref": "#/definitions/namespaces_eventhubs_authorizationRules_childResource"
              }
            ]
          }
        }
      },
      "required": [
        "name",
        "type",
        "apiVersion",
        "properties"
      ],
      "description": "Microsoft.EventHub/namespaces/eventhubs"
    },
    "namespaces_eventhubs_authorizationRules": {
      "type": "object",
      "properties": {
        "name": {
          "type": "string",
          "minLength": 1,
          "description": "The authorization rule name."
        },
        "type": {
          "type": "string",
          "enum": [
            "Microsoft.EventHub/namespaces/eventhubs/authorizationRules"
          ]
        },
        "apiVersion": {
          "type": "string",
          "enum": [
            "2017-04-01"
          ]
        },
        "properties": {
          "oneOf": [
            {
              "$ref": "#/definitions/AuthorizationRule_properties"
            },
            {
              "$ref": "https://schema.management.azure.com/schemas/2015-01-01/deploymentTemplate.json#/definitions/expression"
            }
          ],
          "description": "Properties supplied to create or update AuthorizationRule"
        }
      },
      "required": [
        "name",
        "type",
        "apiVersion",
        "properties"
      ],
      "description": "Microsoft.EventHub/namespaces/eventhubs/authorizationRules"
    },
    "namespaces_eventhubs_consumergroups": {
      "type": "object",
      "properties": {
        "name": {
          "type": "string",
          "minLength": 1,
          "maxLength": 50,
          "description": "The consumer group name"
        },
        "type": {
          "type": "string",
          "enum": [
            "Microsoft.EventHub/namespaces/eventhubs/consumergroups"
          ]
        },
        "apiVersion": {
          "type": "string",
          "enum": [
            "2017-04-01"
          ]
        },
        "properties": {
          "oneOf": [
            {
              "$ref": "#/definitions/ConsumerGroup_properties"
            },
            {
              "$ref": "https://schema.management.azure.com/schemas/2015-01-01/deploymentTemplate.json#/definitions/expression"
            }
          ],
          "description": "Single item in List or Get Consumer group operation"
        }
      },
      "required": [
        "name",
        "type",
        "apiVersion",
        "properties"
      ],
      "description": "Microsoft.EventHub/namespaces/eventhubs/consumergroups"
    }
  },
  "definitions": {
    "ArmDisasterRecovery_properties": {
      "type": "object",
      "properties": {
        "partnerNamespace": {
          "type": "string",
          "description": "ARM Id of the Primary/Secondary eventhub namespace name, which is part of GEO DR pairning"
        },
        "alternateName": {
          "type": "string",
          "description": "Alternate name specified when alias and namespace names are same."
        }
      },
      "description": "Properties required to the Create Or Update Alias(Disaster Recovery configurations)"
    },
    "AuthorizationRule_properties": {
      "type": "object",
      "properties": {
        "rights": {
          "oneOf": [
            {
              "type": "array",
              "items": {
                "type": "string",
                "enum": [
                  "Manage",
                  "Send",
                  "Listen"
                ]
              }
            },
            {
              "$ref": "https://schema.management.azure.com/schemas/2015-01-01/deploymentTemplate.json#/definitions/expression"
            }
          ],
          "description": "The rights associated with the rule."
        }
      },
      "required": [
        "rights"
      ],
      "description": "Properties supplied to create or update AuthorizationRule"
    },
    "CaptureDescription": {
      "type": "object",
      "properties": {
        "enabled": {
          "oneOf": [
            {
              "type": "boolean"
            },
            {
              "$ref": "https://schema.management.azure.com/schemas/2015-01-01/deploymentTemplate.json#/definitions/expression"
            }
          ],
          "description": "A value that indicates whether capture description is enabled. "
        },
        "encoding": {
          "oneOf": [
            {
              "type": "string",
              "enum": [
                "Avro",
                "AvroDeflate"
              ]
            },
            {
              "$ref": "https://schema.management.azure.com/schemas/2015-01-01/deploymentTemplate.json#/definitions/expression"
            }
          ],
          "description": "Enumerates the possible values for the encoding format of capture description."
        },
        "intervalInSeconds": {
          "oneOf": [
            {
              "type": "integer",
              "minimum": 60,
              "maximum": 900
            },
            {
              "$ref": "https://schema.management.azure.com/schemas/2015-01-01/deploymentTemplate.json#/definitions/expression"
            }
          ],
          "description": "The time window allows you to set the frequency with which the capture to Azure Blobs will happen, value should between 60 to 900 seconds"
        },
        "sizeLimitInBytes": {
          "oneOf": [
            {
              "type": "integer",
              "minimum": 10485760,
              "maximum": 524288000
            },
            {
              "$ref": "https://schema.management.azure.com/schemas/2015-01-01/deploymentTemplate.json#/definitions/expression"
            }
          ],
          "description": "The size window defines the amount of data built up in your Event Hub before an capture operation, value should be between 10485760 to 524288000 bytes"
        },
        "destination": {
          "oneOf": [
            {
              "$ref": "#/definitions/Destination"
            },
            {
              "$ref": "https://schema.management.azure.com/schemas/2015-01-01/deploymentTemplate.json#/definitions/expression"
            }
          ],
          "description": "Properties of Destination where capture will be stored. (Storage Account, Blob Names)"
        }
      },
      "description": "Properties to configure capture description for eventhub"
    },
    "ConsumerGroup_properties": {
      "type": "object",
      "properties": {
        "userMetadata": {
          "type": "string",
          "description": "Usermetadata is a placeholder to store user-defined string data with maximum length 1024. e.g. it can be used to store descriptive data, such as list of teams and their contact information also user-defined configuration settings can be stored."
        }
      },
      "description": "Single item in List or Get Consumer group operation"
    },
    "Destination": {
      "type": "object",
      "properties": {
        "name": {
          "type": "string",
          "description": "Name for capture destination"
        },
        "properties": {
          "oneOf": [
            {
              "$ref": "#/definitions/Destination_properties"
            },
            {
              "$ref": "https://schema.management.azure.com/schemas/2015-01-01/deploymentTemplate.json#/definitions/expression"
            }
          ],
          "description": "Properties describing the storage account, blob container and acrchive anme format for capture destination"
        }
      },
      "description": "Capture storage details for capture description"
    },
    "Destination_properties": {
      "type": "object",
      "properties": {
        "storageAccountResourceId": {
          "type": "string",
          "description": "Resource id of the storage account to be used to create the blobs"
        },
        "blobContainer": {
          "type": "string",
          "description": "Blob container Name"
        },
        "archiveNameFormat": {
          "type": "string",
          "description": "Blob naming convention for archive, e.g. {Namespace}/{EventHub}/{PartitionId}/{Year}/{Month}/{Day}/{Hour}/{Minute}/{Second}. Here all the parameters (Namespace,EventHub .. etc) are mandatory irrespective of order"
        }
      },
      "description": "Properties describing the storage account, blob container and acrchive anme format for capture destination"
    },
    "EHNamespace_properties": {
      "type": "object",
      "properties": {
        "isAutoInflateEnabled": {
          "oneOf": [
            {
              "type": "boolean"
            },
            {
              "$ref": "https://schema.management.azure.com/schemas/2015-01-01/deploymentTemplate.json#/definitions/expression"
            }
          ],
          "description": "Value that indicates whether AutoInflate is enabled for eventhub namespace."
        },
        "maximumThroughputUnits": {
          "oneOf": [
            {
              "type": "integer",
              "minimum": 0,
              "maximum": 20
            },
            {
              "$ref": "https://schema.management.azure.com/schemas/2015-01-01/deploymentTemplate.json#/definitions/expression"
            }
          ],
          "description": "Upper limit of throughput units when AutoInflate is enabled, vaule should be within 0 to 20 throughput units. ( '0' if AutoInflateEnabled = true)"
        }
      },
      "description": "Namespace properties supplied for create namespace operation."
    },
    "Eventhub_properties": {
      "type": "object",
      "properties": {
        "messageRetentionInDays": {
          "oneOf": [
            {
              "type": "integer",
              "minimum": 1
            },
            {
              "$ref": "https://schema.management.azure.com/schemas/2015-01-01/deploymentTemplate.json#/definitions/expression"
            }
          ],
          "description": "Number of days to retain the events for this Event Hub, value should be 1 to 7 days"
        },
        "partitionCount": {
          "oneOf": [
            {
              "type": "integer",
              "minimum": 1
            },
            {
              "$ref": "https://schema.management.azure.com/schemas/2015-01-01/deploymentTemplate.json#/definitions/expression"
            }
          ],
          "description": "Number of partitions created for the Event Hub, allowed values are from 1 to 32 partitions."
        },
        "status": {
          "oneOf": [
            {
              "type": "string",
              "enum": [
                "Active",
                "Disabled",
                "Restoring",
                "SendDisabled",
                "ReceiveDisabled",
                "Creating",
                "Deleting",
                "Renaming",
                "Unknown"
              ]
            },
            {
              "$ref": "https://schema.management.azure.com/schemas/2015-01-01/deploymentTemplate.json#/definitions/expression"
            }
          ],
          "description": "Enumerates the possible values for the status of the Event Hub."
        },
        "captureDescription": {
          "oneOf": [
            {
              "$ref": "#/definitions/CaptureDescription"
            },
            {
              "$ref": "https://schema.management.azure.com/schemas/2015-01-01/deploymentTemplate.json#/definitions/expression"
            }
          ],
          "description": "Properties of capture description"
        }
      },
      "description": "Properties supplied to the Create Or Update Event Hub operation."
    },
    "namespaces_AuthorizationRules_childResource": {
      "type": "object",
      "properties": {
        "name": {
          "type": "string",
          "description": "The authorization rule name."
        },
        "type": {
          "type": "string",
          "enum": [
            "AuthorizationRules"
          ]
        },
        "apiVersion": {
          "type": "string",
          "enum": [
            "2017-04-01"
          ]
        },
        "properties": {
          "oneOf": [
            {
              "$ref": "#/definitions/AuthorizationRule_properties"
            },
            {
              "$ref": "https://schema.management.azure.com/schemas/2015-01-01/deploymentTemplate.json#/definitions/expression"
            }
          ],
          "description": "Properties supplied to create or update AuthorizationRule"
        }
      },
      "required": [
        "name",
        "type",
        "apiVersion",
        "properties"
      ],
      "description": "Microsoft.EventHub/namespaces/AuthorizationRules"
    },
    "namespaces_disasterRecoveryConfigs_childResource": {
      "type": "object",
      "properties": {
        "name": {
          "type": "string",
          "description": "The Disaster Recovery configuration name"
        },
        "type": {
          "type": "string",
          "enum": [
            "disasterRecoveryConfigs"
          ]
        },
        "apiVersion": {
          "type": "string",
          "enum": [
            "2017-04-01"
          ]
        },
        "properties": {
          "oneOf": [
            {
              "$ref": "#/definitions/ArmDisasterRecovery_properties"
            },
            {
              "$ref": "https://schema.management.azure.com/schemas/2015-01-01/deploymentTemplate.json#/definitions/expression"
            }
          ],
          "description": "Properties required to the Create Or Update Alias(Disaster Recovery configurations)"
        }
      },
      "required": [
        "name",
        "type",
        "apiVersion",
        "properties"
      ],
      "description": "Microsoft.EventHub/namespaces/disasterRecoveryConfigs"
    },
    "namespaces_eventhubs_authorizationRules_childResource": {
      "type": "object",
      "properties": {
        "name": {
          "type": "string",
          "description": "The authorization rule name."
        },
        "type": {
          "type": "string",
          "enum": [
            "authorizationRules"
          ]
        },
        "apiVersion": {
          "type": "string",
          "enum": [
            "2017-04-01"
          ]
        },
        "properties": {
          "oneOf": [
            {
              "$ref": "#/definitions/AuthorizationRule_properties"
            },
            {
              "$ref": "https://schema.management.azure.com/schemas/2015-01-01/deploymentTemplate.json#/definitions/expression"
            }
          ],
          "description": "Properties supplied to create or update AuthorizationRule"
        }
      },
      "required": [
        "name",
        "type",
        "apiVersion",
        "properties"
      ],
      "description": "Microsoft.EventHub/namespaces/eventhubs/authorizationRules"
    },
    "namespaces_eventhubs_childResource": {
      "type": "object",
      "properties": {
        "name": {
          "type": "string",
          "description": "The Event Hub name"
        },
        "type": {
          "type": "string",
          "enum": [
            "eventhubs"
          ]
        },
        "apiVersion": {
          "type": "string",
          "enum": [
            "2017-04-01"
          ]
        },
        "properties": {
          "oneOf": [
            {
              "$ref": "#/definitions/Eventhub_properties"
            },
            {
              "$ref": "https://schema.management.azure.com/schemas/2015-01-01/deploymentTemplate.json#/definitions/expression"
            }
          ],
          "description": "Properties supplied to the Create Or Update Event Hub operation."
        },
        "resources": {
          "type": "array",
          "items": {
            "oneOf": [
              {
                "$ref": "#/definitions/namespaces_eventhubs_consumergroups_childResource"
              },
              {
                "$ref": "#/definitions/namespaces_eventhubs_authorizationRules_childResource"
              }
            ]
          }
        }
      },
      "required": [
        "name",
        "type",
        "apiVersion",
        "properties"
      ],
      "description": "Microsoft.EventHub/namespaces/eventhubs"
    },
    "namespaces_eventhubs_consumergroups_childResource": {
      "type": "object",
      "properties": {
        "name": {
          "type": "string",
          "description": "The consumer group name"
        },
        "type": {
          "type": "string",
          "enum": [
            "consumergroups"
          ]
        },
        "apiVersion": {
          "type": "string",
          "enum": [
            "2017-04-01"
          ]
        },
        "properties": {
          "oneOf": [
            {
              "$ref": "#/definitions/ConsumerGroup_properties"
            },
            {
              "$ref": "https://schema.management.azure.com/schemas/2015-01-01/deploymentTemplate.json#/definitions/expression"
            }
          ],
          "description": "Single item in List or Get Consumer group operation"
        }
      },
      "required": [
        "name",
        "type",
        "apiVersion",
        "properties"
      ],
      "description": "Microsoft.EventHub/namespaces/eventhubs/consumergroups"
    },
    "Sku": {
      "type": "object",
      "properties": {
        "name": {
          "oneOf": [
            {
              "type": "string",
              "enum": [
                "Basic",
                "Standard"
              ]
            },
            {
              "$ref": "https://schema.management.azure.com/schemas/2015-01-01/deploymentTemplate.json#/definitions/expression"
            }
          ],
          "description": "Name of this SKU."
        },
        "tier": {
          "oneOf": [
            {
              "type": "string",
              "enum": [
                "Basic",
                "Standard"
              ]
            },
            {
              "$ref": "https://schema.management.azure.com/schemas/2015-01-01/deploymentTemplate.json#/definitions/expression"
            }
          ],
          "description": "The billing tier of this particular SKU."
        },
        "capacity": {
          "oneOf": [
            {
              "type": "integer",
              "minimum": 0,
              "maximum": 20
            },
            {
              "$ref": "https://schema.management.azure.com/schemas/2015-01-01/deploymentTemplate.json#/definitions/expression"
            }
          ],
          "description": "The Event Hubs throughput units, vaule should be 0 to 20 throughput units."
        }
      },
      "required": [
        "name"
      ],
      "description": "SKU parameters supplied to the create namespace operation"
    }
  }
}
