{
  "id": "https://schema.management.azure.com/schemas/2017-05-01-preview/microsoft.insights.json#",
  "$schema": "http://json-schema.org/draft-04/schema#",
  "title": "microsoft.insights",
  "description": "microsoft insights Resource Types",
  "resourceDefinitions": {},
  "unknown_resourceDefinitions": {
    "diagnosticSettings": {
      "type": "object",
      "properties": {
        "name": {
          "type": "string",
          "description": "The name of the diagnostic setting."
        },
        "type": {
          "type": "string",
          "enum": [
            "microsoft.insights/diagnosticSettings"
          ]
        },
        "apiVersion": {
          "type": "string",
          "enum": [
            "2017-05-01-preview"
          ]
        },
        "properties": {
          "oneOf": [
            {
              "$ref": "#/definitions/DiagnosticSettings"
            },
            {
              "$ref": "https://schema.management.azure.com/schemas/common/definitions.json#/definitions/expression"
            }
          ],
          "description": "The diagnostic settings."
        }
      },
      "required": [
        "name",
        "type",
        "apiVersion",
        "properties"
      ],
      "description": "microsoft.insights/diagnosticSettings"
    }
  },
  "definitions": {
    "DiagnosticSettings": {
      "type": "object",
      "properties": {
        "storageAccountId": {
          "type": "string",
          "description": "The resource ID of the storage account to which you would like to send Diagnostic Logs."
        },
        "serviceBusRuleId": {
          "type": "string",
          "description": "The service bus rule Id of the diagnostic setting. This is here to maintain backwards compatibility."
        },
        "eventHubAuthorizationRuleId": {
          "type": "string",
          "description": "The resource Id for the event hub authorization rule."
        },
        "eventHubName": {
          "type": "string",
          "description": "The name of the event hub. If none is specified, the default event hub will be selected."
        },
        "metrics": {
          "oneOf": [
            {
              "type": "array",
              "items": {
                "$ref": "#/definitions/MetricSettings"
              }
            },
            {
              "$ref": "https://schema.management.azure.com/schemas/common/definitions.json#/definitions/expression"
            }
          ],
          "description": "The list of metric settings."
        },
        "logs": {
          "oneOf": [
            {
              "type": "array",
              "items": {
                "$ref": "#/definitions/LogSettings"
              }
            },
            {
              "$ref": "https://schema.management.azure.com/schemas/common/definitions.json#/definitions/expression"
            }
          ],
          "description": "The list of logs settings."
        },
        "workspaceId": {
          "type": "string",
          "description": "The full ARM resource ID of the Log Analytics workspace to which you would like to send Diagnostic Logs. Example: /subscriptions/4b9e8510-67ab-4e9a-95a9-e2f1e570ea9c/resourceGroups/insights-integration/providers/Microsoft.OperationalInsights/workspaces/viruela2"
        },
        "logAnalyticsDestinationType": {
          "type": "string",
          "description": "A string indicating whether the export to Log Analytics should use the default destination type, i.e. AzureDiagnostics, or use a destination type constructed as follows: <normalized service identity>_<normalized category name>. Possible values are: Dedicated and null (null is default.)"
        }
      },
      "description": "The diagnostic settings."
    },
    "LogSettings": {
      "type": "object",
      "properties": {
        "category": {
          "type": "string",
          "description": "Name of a Diagnostic Log category for a resource type this setting is applied to. To obtain the list of Diagnostic Log categories for a resource, first perform a GET diagnostic settings operation."
        },
        "enabled": {
          "oneOf": [
            {
              "type": "boolean"
            },
            {
              "$ref": "https://schema.management.azure.com/schemas/common/definitions.json#/definitions/expression"
            }
          ],
          "description": "a value indicating whether this log is enabled."
        },
        "retentionPolicy": {
          "oneOf": [
            {
              "$ref": "#/definitions/RetentionPolicy"
            },
            {
              "$ref": "https://schema.management.azure.com/schemas/common/definitions.json#/definitions/expression"
            }
          ],
          "description": "Specifies the retention policy for the log."
        }
      },
      "required": [
        "enabled"
      ],
      "description": "Part of MultiTenantDiagnosticSettings. Specifies the settings for a particular log."
    },
    "MetricSettings": {
      "type": "object",
      "properties": {
        "timeGrain": {
          "type": "string",
          "format": "duration",
          "description": "the timegrain of the metric in ISO8601 format."
        },
        "category": {
          "type": "string",
          "description": "Name of a Diagnostic Metric category for a resource type this setting is applied to. To obtain the list of Diagnostic metric categories for a resource, first perform a GET diagnostic settings operation."
        },
        "enabled": {
          "oneOf": [
            {
              "type": "boolean"
            },
            {
              "$ref": "https://schema.management.azure.com/schemas/common/definitions.json#/definitions/expression"
            }
          ],
          "description": "a value indicating whether this category is enabled."
        },
        "retentionPolicy": {
          "oneOf": [
            {
              "$ref": "#/definitions/RetentionPolicy"
            },
            {
              "$ref": "https://schema.management.azure.com/schemas/common/definitions.json#/definitions/expression"
            }
          ],
          "description": "Specifies the retention policy for the log."
        }
      },
      "required": [
        "enabled"
      ],
      "description": "Part of MultiTenantDiagnosticSettings. Specifies the settings for a particular metric."
    },
    "RetentionPolicy": {
      "type": "object",
      "properties": {
        "enabled": {
          "oneOf": [
            {
              "type": "boolean"
            },
            {
              "$ref": "https://schema.management.azure.com/schemas/common/definitions.json#/definitions/expression"
            }
          ],
          "description": "a value indicating whether the retention policy is enabled."
        },
        "days": {
          "oneOf": [
            {
              "type": "integer",
              "minimum": 0
            },
            {
              "$ref": "https://schema.management.azure.com/schemas/common/definitions.json#/definitions/expression"
            }
          ],
          "description": "the number of days for the retention in days. A value of 0 will retain the events indefinitely."
        }
      },
      "required": [
        "enabled",
        "days"
      ],
      "description": "Specifies the retention policy for the log."
    }
  }
}
