{
  "id": "https://schema.management.azure.com/schemas/2017-11-15/Microsoft.Devices.json#",
  "$schema": "http://json-schema.org/draft-04/schema#",
  "title": "Microsoft.Devices",
  "description": "Microsoft Devices Resource Types",
  "resourceDefinitions": {
    "provisioningServices": {
      "type": "object",
      "properties": {
        "name": {
          "type": "string"
        },
        "type": {
          "type": "string",
          "enum": [
            "Microsoft.Devices/provisioningServices"
          ]
        },
        "apiVersion": {
          "type": "string",
          "enum": [
            "2017-11-15"
          ]
        },
        "location": {
          "type": "string",
          "description": "The resource location."
        },
        "tags": {
          "oneOf": [
            {
              "type": "object",
              "additionalProperties": {
                "type": "string"
              }
            },
            {
              "$ref": "https://schema.management.azure.com/schemas/2015-01-01/deploymentTemplate.json#/definitions/expression"
            }
          ],
          "description": "The resource tags."
        },
        "etag": {
          "type": "string",
          "description": "The Etag field is *not* required. If it is provided in the response body, it must also be provided as a header per the normal ETag convention."
        },
        "properties": {
          "oneOf": [
            {
              "$ref": "#/definitions/IotDpsPropertiesDescription"
            },
            {
              "$ref": "https://schema.management.azure.com/schemas/2015-01-01/deploymentTemplate.json#/definitions/expression"
            }
          ],
          "description": "Service specific properties for a provisioning service"
        },
        "sku": {
          "oneOf": [
            {
              "$ref": "#/definitions/IotDpsSkuInfo"
            },
            {
              "$ref": "https://schema.management.azure.com/schemas/2015-01-01/deploymentTemplate.json#/definitions/expression"
            }
          ],
          "description": "Sku info for a provisioning Service."
        },
        "resources": {
          "type": "array",
          "items": {
            "oneOf": [
              {
                "$ref": "#/definitions/provisioningServices_certificates_childResource"
              }
            ]
          }
        }
      },
      "required": [
        "name",
        "type",
        "apiVersion",
        "location",
        "properties",
        "sku"
      ],
      "description": "Microsoft.Devices/provisioningServices"
    },
    "provisioningServices_certificates": {
      "type": "object",
      "properties": {
        "name": {
          "type": "string"
        },
        "type": {
          "type": "string",
          "enum": [
            "Microsoft.Devices/provisioningServices/certificates"
          ]
        },
        "apiVersion": {
          "type": "string",
          "enum": [
            "2017-11-15"
          ]
        },
        "certificate": {
          "type": "string",
          "description": "Base-64 representation of the X509 leaf certificate .cer file or just .pem file content."
        }
      },
      "required": [
        "name",
        "type",
        "apiVersion"
      ],
      "description": "Microsoft.Devices/provisioningServices/certificates"
    }
  },
  "definitions": {
    "IotDpsPropertiesDescription": {
      "type": "object",
      "properties": {
        "state": {
          "oneOf": [
            {
              "type": "string",
              "enum": [
                "Activating",
                "Active",
                "Deleting",
                "Deleted",
                "ActivationFailed",
                "DeletionFailed",
                "Transitioning",
                "Suspending",
                "Suspended",
                "Resuming",
                "FailingOver",
                "FailoverFailed"
              ]
            },
            {
              "$ref": "https://schema.management.azure.com/schemas/2015-01-01/deploymentTemplate.json#/definitions/expression"
            }
          ],
          "description": "Current state of the provisioning service."
        },
        "provisioningState": {
          "type": "string",
          "description": "The ARM provisioning state of the provisioning service."
        },
        "iotHubs": {
          "oneOf": [
            {
              "type": "array",
              "items": {
                "$ref": "#/definitions/IotHubDefinitionDescription"
              }
            },
            {
              "$ref": "https://schema.management.azure.com/schemas/2015-01-01/deploymentTemplate.json#/definitions/expression"
            }
          ],
          "description": "List of IoT hubs assosciated with this provisioning service."
        },
        "allocationPolicy": {
          "oneOf": [
            {
              "type": "string",
              "enum": [
                "Hashed",
                "GeoLatency",
                "Static"
              ]
            },
            {
              "$ref": "https://schema.management.azure.com/schemas/2015-01-01/deploymentTemplate.json#/definitions/expression"
            }
          ],
          "description": "Allocation policy to be used by this provisioning service."
        },
        "authorizationPolicies": {
          "oneOf": [
            {
              "type": "array",
              "items": {
                "$ref": "#/definitions/SharedAccessSignatureAuthorizationRule_AccessRightsDescription_"
              }
            },
            {
              "$ref": "https://schema.management.azure.com/schemas/2015-01-01/deploymentTemplate.json#/definitions/expression"
            }
          ],
          "description": "List of authorization keys for a provisioning service."
        }
      },
      "description": "the service specific properties of a provisoning service, including keys, linked iot hubs, current state, and system generated properties such as hostname and idScope"
    },
    "IotDpsSkuInfo": {
      "type": "object",
      "properties": {
        "name": {
          "oneOf": [
            {
              "type": "string",
              "enum": [
                "S1"
              ]
            },
            {
              "$ref": "https://schema.management.azure.com/schemas/2015-01-01/deploymentTemplate.json#/definitions/expression"
            }
          ],
          "description": "Sku name."
        },
        "capacity": {
          "oneOf": [
            {
              "type": "integer"
            },
            {
              "$ref": "https://schema.management.azure.com/schemas/2015-01-01/deploymentTemplate.json#/definitions/expression"
            }
          ],
          "description": "The number of units to provision"
        }
      },
      "description": "List of possible provisoning service SKUs."
    },
    "IotHubDefinitionDescription": {
      "type": "object",
      "properties": {
        "applyAllocationPolicy": {
          "oneOf": [
            {
              "type": "boolean"
            },
            {
              "$ref": "https://schema.management.azure.com/schemas/2015-01-01/deploymentTemplate.json#/definitions/expression"
            }
          ],
          "description": "flag for applying allocationPolicy or not for a given iot hub."
        },
        "allocationWeight": {
          "oneOf": [
            {
              "type": "integer"
            },
            {
              "$ref": "https://schema.management.azure.com/schemas/2015-01-01/deploymentTemplate.json#/definitions/expression"
            }
          ],
          "description": "weight to apply for a given iot h."
        },
        "connectionString": {
          "type": "string",
          "description": "Connection string og the IoT hub."
        },
        "location": {
          "type": "string",
          "description": "ARM region of the IoT hub."
        }
      },
      "required": [
        "connectionString",
        "location"
      ],
      "description": "Description of the IoT hub."
    },
    "provisioningServices_certificates_childResource": {
      "type": "object",
      "properties": {
        "name": {
          "type": "string"
        },
        "type": {
          "type": "string",
          "enum": [
            "certificates"
          ]
        },
        "apiVersion": {
          "type": "string",
          "enum": [
            "2017-11-15"
          ]
        },
        "certificate": {
          "type": "string",
          "description": "Base-64 representation of the X509 leaf certificate .cer file or just .pem file content."
        }
      },
      "required": [
        "name",
        "type",
        "apiVersion"
      ],
      "description": "Microsoft.Devices/provisioningServices/certificates"
    },
    "SharedAccessSignatureAuthorizationRule_AccessRightsDescription_": {
      "type": "object",
      "properties": {
        "keyName": {
          "type": "string",
          "description": "Name of the key."
        },
        "primaryKey": {
          "type": "string",
          "description": "Primary SAS key value."
        },
        "secondaryKey": {
          "type": "string",
          "description": "Secondary SAS key value."
        },
        "rights": {
          "oneOf": [
            {
              "type": "string",
              "enum": [
                "ServiceConfig",
                "EnrollmentRead",
                "EnrollmentWrite",
                "DeviceConnect",
                "RegistrationStatusRead",
                "RegistrationStatusWrite"
              ]
            },
            {
              "$ref": "https://schema.management.azure.com/schemas/2015-01-01/deploymentTemplate.json#/definitions/expression"
            }
          ],
          "description": "Rights that this key has."
        }
      },
      "required": [
        "keyName",
        "rights"
      ],
      "description": "Description of the shared access key."
    }
  }
}
