{
  "id": "https://schema.management.azure.com/schemas/2015-02-01-preview/Microsoft.Logic.json#",
  "$schema": "http://json-schema.org/draft-04/schema#",
  "title": "Microsoft.Logic",
  "description": "Microsoft Logic Resource Types",
  "resourceDefinitions": {
    "workflows": {
      "type": "object",
      "properties": {
        "name": {
          "type": "string"
        },
        "type": {
          "type": "string",
          "enum": [
            "Microsoft.Logic/workflows"
          ]
        },
        "apiVersion": {
          "type": "string",
          "enum": [
            "2015-02-01-preview"
          ]
        },
        "id": {
          "type": "string",
          "description": "Gets or sets the resource id."
        },
        "location": {
          "type": "string",
          "description": "Gets or sets the resource location."
        },
        "tags": {
          "anyOf": [
            {
              "type": "object",
              "additionalProperties": {
                "type": "string"
              }
            },
            {
              "$ref": "https://schema.management.azure.com/schemas/2015-01-01/deploymentTemplate.json#/definitions/expression"
            }
          ],
          "description": "Gets or sets the resource tags."
        },
        "properties": {
          "anyOf": [
            {
              "$ref": "#/definitions/WorkflowProperties"
            },
            {
              "$ref": "https://schema.management.azure.com/schemas/2015-01-01/deploymentTemplate.json#/definitions/expression"
            }
          ],
          "description": "Gets or sets the workflow properties."
        },
        "resources": {
          "type": "array",
          "items": {
            "oneOf": [
              {
                "$ref": "#/definitions/workflows_accessKeys_childResource"
              }
            ]
          }
        }
      },
      "required": [
        "name",
        "type",
        "apiVersion",
        "properties"
      ],
      "description": "Microsoft.Logic/workflows"
    },
    "workflows_accessKeys": {
      "type": "object",
      "properties": {
        "name": {
          "type": "string"
        },
        "type": {
          "type": "string",
          "enum": [
            "Microsoft.Logic/workflows/accessKeys"
          ]
        },
        "apiVersion": {
          "type": "string",
          "enum": [
            "2015-02-01-preview"
          ]
        },
        "id": {
          "type": "string",
          "description": "Gets or sets the resource id."
        },
        "properties": {
          "anyOf": [
            {
              "$ref": "#/definitions/WorkflowAccessKeyProperties"
            },
            {
              "$ref": "https://schema.management.azure.com/schemas/2015-01-01/deploymentTemplate.json#/definitions/expression"
            }
          ],
          "description": "Gets or sets the workflow access key properties."
        }
      },
      "required": [
        "name",
        "type",
        "apiVersion",
        "properties"
      ],
      "description": "Microsoft.Logic/workflows/accessKeys"
    }
  },
  "definitions": {
    "ContentHash": {
      "type": "object",
      "properties": {
        "algorithm": {
          "type": "string",
          "description": "Gets or sets the algorithm."
        },
        "value": {
          "type": "string",
          "description": "Gets or sets the value."
        }
      }
    },
    "ContentLink": {
      "type": "object",
      "properties": {
        "uri": {
          "type": "string",
          "description": "Gets or sets the content link URI."
        },
        "contentVersion": {
          "type": "string",
          "description": "Gets or sets the content version."
        },
        "contentSize": {
          "anyOf": [
            {
              "type": "integer"
            },
            {
              "$ref": "https://schema.management.azure.com/schemas/2015-01-01/deploymentTemplate.json#/definitions/expression"
            }
          ],
          "description": "Gets or sets the content size."
        },
        "contentHash": {
          "anyOf": [
            {
              "$ref": "#/definitions/ContentHash"
            },
            {
              "$ref": "https://schema.management.azure.com/schemas/2015-01-01/deploymentTemplate.json#/definitions/expression"
            }
          ],
          "description": "Gets or sets the content hash."
        },
        "metadata": {
          "type": "object",
          "description": "Gets or sets the metadata."
        }
      }
    },
    "ResourceReference": {
      "type": "object",
      "properties": {
        "id": {
          "type": "string",
          "description": "Gets or sets the resource id."
        }
      }
    },
    "Sku": {
      "type": "object",
      "properties": {
        "name": {
          "anyOf": [
            {
              "type": "string",
              "enum": [
                "NotSpecified",
                "Free",
                "Shared",
                "Basic",
                "Standard",
                "Premium"
              ]
            },
            {
              "$ref": "https://schema.management.azure.com/schemas/2015-01-01/deploymentTemplate.json#/definitions/expression"
            }
          ],
          "description": "Gets or sets the name."
        },
        "plan": {
          "anyOf": [
            {
              "$ref": "#/definitions/ResourceReference"
            },
            {
              "$ref": "https://schema.management.azure.com/schemas/2015-01-01/deploymentTemplate.json#/definitions/expression"
            }
          ],
          "description": "Gets or sets the reference to plan."
        }
      }
    },
    "WorkflowAccessKeyProperties": {
      "type": "object",
      "properties": {
        "notBefore": {
          "type": "string",
          "format": "date-time",
          "description": "Gets or sets the not-before time."
        },
        "notAfter": {
          "type": "string",
          "format": "date-time",
          "description": "Gets or sets the not-after time."
        }
      }
    },
    "WorkflowParameter": {
      "type": "object",
      "properties": {
        "type": {
          "type": "string",
          "enum": [
            "NotSpecified",
            "String",
            "SecureString",
            "Int",
            "Float",
            "Bool",
            "Array",
            "Object",
            "SecureObject"
          ],
          "description": "Gets or sets the type."
        },
        "value": {
          "type": "object",
          "description": "Gets or sets the value."
        },
        "metadata": {
          "type": "object",
          "description": "Gets or sets the metadata."
        }
      }
    },
    "WorkflowProperties": {
      "type": "object",
      "properties": {
        "state": {
          "anyOf": [
            {
              "type": "string",
              "enum": [
                "NotSpecified",
                "Enabled",
                "Disabled",
                "Deleted",
                "Suspended"
              ]
            },
            {
              "$ref": "https://schema.management.azure.com/schemas/2015-01-01/deploymentTemplate.json#/definitions/expression"
            }
          ],
          "description": "Gets or sets the state."
        },
        "sku": {
          "anyOf": [
            {
              "$ref": "#/definitions/Sku"
            },
            {
              "$ref": "https://schema.management.azure.com/schemas/2015-01-01/deploymentTemplate.json#/definitions/expression"
            }
          ],
          "description": "Gets or sets the sku."
        },
        "definitionLink": {
          "anyOf": [
            {
              "$ref": "#/definitions/ContentLink"
            },
            {
              "$ref": "https://schema.management.azure.com/schemas/2015-01-01/deploymentTemplate.json#/definitions/expression"
            }
          ],
          "description": "Gets or sets the link to definition."
        },
        "definition": {
          "type": "object",
          "description": "Gets or sets the definition."
        },
        "parametersLink": {
          "anyOf": [
            {
              "$ref": "#/definitions/ContentLink"
            },
            {
              "$ref": "https://schema.management.azure.com/schemas/2015-01-01/deploymentTemplate.json#/definitions/expression"
            }
          ],
          "description": "Gets or sets the link to parameters."
        },
        "parameters": {
          "anyOf": [
            {
              "type": "object",
              "additionalProperties": {
                "$ref": "#/definitions/WorkflowParameter"
              }
            },
            {
              "$ref": "https://schema.management.azure.com/schemas/2015-01-01/deploymentTemplate.json#/definitions/expression"
            }
          ],
          "description": "Gets or sets the parameters."
        }
      }
    },
    "workflows_accessKeys_childResource": {
      "type": "object",
      "properties": {
        "name": {
          "type": "string"
        },
        "type": {
          "type": "string",
          "enum": [
            "accessKeys"
          ]
        },
        "apiVersion": {
          "type": "string",
          "enum": [
            "2015-02-01-preview"
          ]
        },
        "id": {
          "type": "string",
          "description": "Gets or sets the resource id."
        },
        "properties": {
          "anyOf": [
            {
              "$ref": "#/definitions/WorkflowAccessKeyProperties"
            },
            {
              "$ref": "https://schema.management.azure.com/schemas/2015-01-01/deploymentTemplate.json#/definitions/expression"
            }
          ],
          "description": "Gets or sets the workflow access key properties."
        }
      },
      "required": [
        "name",
        "type",
        "apiVersion",
        "properties"
      ],
      "description": "Microsoft.Logic/workflows/accessKeys"
    }
  }
}
