{
  "id": "https://schema.management.azure.com/schemas/2018-09-01-preview/Microsoft.Attestation.json#",
  "$schema": "http://json-schema.org/draft-04/schema#",
  "title": "Microsoft.Attestation",
  "description": "Microsoft Attestation Resource Types",
  "resourceDefinitions": {
    "attestationProviders": {
      "type": "object",
      "properties": {
        "apiVersion": {
          "type": "string",
          "enum": [
            "2018-09-01-preview"
          ]
        },
        "attestationPolicy": {
          "type": "string",
          "description": "Name of attestation policy."
        },
        "name": {
          "type": "string",
          "description": "Name of the attestation service"
        },
        "type": {
          "type": "string",
          "enum": [
            "Microsoft.Attestation/attestationProviders"
          ]
        }
      },
      "required": [
        "apiVersion",
        "name",
        "type"
      ],
      "description": "Microsoft.Attestation/attestationProviders"
    }
  },
  "definitions": {}
}
