{
  "id": "https://schema.management.azure.com/schemas/2017-05-15-preview/Microsoft.Automation.json#",
  "$schema": "http://json-schema.org/draft-04/schema#",
  "title": "Microsoft.Automation",
  "description": "Microsoft Automation Resource Types",
  "resourceDefinitions": {
    "automationAccounts_softwareUpdateConfigurations": {
      "type": "object",
      "properties": {
        "name": {
          "type": "string"
        },
        "type": {
          "type": "string",
          "enum": [
            "Microsoft.Automation/automationAccounts/softwareUpdateConfigurations"
          ]
        },
        "apiVersion": {
          "type": "string",
          "enum": [
            "2017-05-15-preview"
          ]
        },
        "properties": {
          "oneOf": [
            {
              "$ref": "#/definitions/softwareUpdateConfigurationProperties"
            },
            {
              "$ref": "https://schema.management.azure.com/schemas/2015-01-01/deploymentTemplate.json#/definitions/expression"
            }
          ],
          "description": "Software update configuration properties."
        }
      },
      "required": [
        "name",
        "type",
        "apiVersion",
        "properties"
      ],
      "description": "Microsoft.Automation/automationAccounts/softwareUpdateConfigurations"
    }
  },
  "definitions": {
    "AdvancedSchedule": {
      "type": "object",
      "properties": {
        "weekDays": {
          "oneOf": [
            {
              "type": "array",
              "items": {
                "type": "string"
              }
            },
            {
              "$ref": "https://schema.management.azure.com/schemas/2015-01-01/deploymentTemplate.json#/definitions/expression"
            }
          ],
          "description": "Days of the week that the job should execute on."
        },
        "monthDays": {
          "oneOf": [
            {
              "type": "array",
              "items": {
                "type": "integer"
              }
            },
            {
              "$ref": "https://schema.management.azure.com/schemas/2015-01-01/deploymentTemplate.json#/definitions/expression"
            }
          ],
          "description": "Days of the month that the job should execute on. Must be between 1 and 31."
        },
        "monthlyOccurrences": {
          "oneOf": [
            {
              "type": "array",
              "items": {
                "$ref": "#/definitions/AdvancedScheduleMonthlyOccurrence"
              }
            },
            {
              "$ref": "https://schema.management.azure.com/schemas/2015-01-01/deploymentTemplate.json#/definitions/expression"
            }
          ],
          "description": "Occurrences of days within a month."
        }
      },
      "description": "The properties of the create Advanced Schedule."
    },
    "AdvancedScheduleMonthlyOccurrence": {
      "type": "object",
      "properties": {
        "occurrence": {
          "oneOf": [
            {
              "type": "integer"
            },
            {
              "$ref": "https://schema.management.azure.com/schemas/2015-01-01/deploymentTemplate.json#/definitions/expression"
            }
          ],
          "description": "Occurrence of the week within the month. Must be between 1 and 5"
        },
        "day": {
          "oneOf": [
            {
              "type": "string",
              "enum": [
                "Monday",
                "Tuesday",
                "Wednesday",
                "Thursday",
                "Friday",
                "Saturday",
                "Sunday"
              ]
            },
            {
              "$ref": "https://schema.management.azure.com/schemas/2015-01-01/deploymentTemplate.json#/definitions/expression"
            }
          ],
          "description": "Day of the occurrence. Must be one of monday, tuesday, wednesday,thursday, friday, saturday, sunday."
        }
      },
      "description": "The properties of the create advanced schedule monthly occurrence."
    },
    "ErrorResponse": {
      "type": "object",
      "properties": {
        "code": {
          "type": "string",
          "description": "Error code"
        },
        "message": {
          "type": "string",
          "description": "Error message indicating why the operation failed."
        }
      },
      "description": "Error response of an operation failure"
    },
    "LinuxProperties": {
      "type": "object",
      "properties": {
        "includedPackageClassifications": {
          "oneOf": [
            {
              "type": "string",
              "enum": [
                "Unclassified",
                "Critical",
                "Security",
                "Other"
              ]
            },
            {
              "$ref": "https://schema.management.azure.com/schemas/2015-01-01/deploymentTemplate.json#/definitions/expression"
            }
          ],
          "description": "Update classifications included in the software update configuration."
        },
        "excludedPackageNameMasks": {
          "oneOf": [
            {
              "type": "array",
              "items": {
                "type": "string"
              }
            },
            {
              "$ref": "https://schema.management.azure.com/schemas/2015-01-01/deploymentTemplate.json#/definitions/expression"
            }
          ],
          "description": "packages excluded from the software update configuration."
        }
      },
      "description": "Linux specific update configuration."
    },
    "ScheduleProperties": {
      "type": "object",
      "properties": {
        "startTime": {
          "type": "string",
          "format": "date-time",
          "description": "Gets or sets the start time of the schedule."
        },
        "expiryTime": {
          "type": "string",
          "format": "date-time",
          "description": "Gets or sets the end time of the schedule."
        },
        "expiryTimeOffsetMinutes": {
          "oneOf": [
            {
              "type": "number"
            },
            {
              "$ref": "https://schema.management.azure.com/schemas/2015-01-01/deploymentTemplate.json#/definitions/expression"
            }
          ],
          "description": "Gets or sets the expiry time's offset in minutes."
        },
        "isEnabled": {
          "oneOf": [
            {
              "type": "boolean",
              "default": false
            },
            {
              "$ref": "https://schema.management.azure.com/schemas/2015-01-01/deploymentTemplate.json#/definitions/expression"
            }
          ],
          "description": "Gets or sets a value indicating whether this schedule is enabled."
        },
        "nextRun": {
          "type": "string",
          "format": "date-time",
          "description": "Gets or sets the next run time of the schedule."
        },
        "nextRunOffsetMinutes": {
          "oneOf": [
            {
              "type": "number"
            },
            {
              "$ref": "https://schema.management.azure.com/schemas/2015-01-01/deploymentTemplate.json#/definitions/expression"
            }
          ],
          "description": "Gets or sets the next run time's offset in minutes."
        },
        "interval": {
          "description": "Gets or sets the interval of the schedule."
        },
        "frequency": {
          "oneOf": [
            {
              "type": "string",
              "enum": [
                "OneTime",
                "Day",
                "Hour",
                "Week",
                "Month"
              ]
            },
            {
              "$ref": "https://schema.management.azure.com/schemas/2015-01-01/deploymentTemplate.json#/definitions/expression"
            }
          ],
          "description": "Gets or sets the frequency of the schedule."
        },
        "timeZone": {
          "type": "string",
          "description": "Gets or sets the time zone of the schedule."
        },
        "advancedSchedule": {
          "oneOf": [
            {
              "$ref": "#/definitions/AdvancedSchedule"
            },
            {
              "$ref": "https://schema.management.azure.com/schemas/2015-01-01/deploymentTemplate.json#/definitions/expression"
            }
          ],
          "description": "Gets or sets the advanced schedule."
        },
        "creationTime": {
          "type": "string",
          "format": "date-time",
          "description": "Gets or sets the creation time."
        },
        "lastModifiedTime": {
          "type": "string",
          "format": "date-time",
          "description": "Gets or sets the last modified time."
        },
        "description": {
          "type": "string",
          "description": "Gets or sets the description."
        }
      },
      "description": "Definition of schedule parameters."
    },
    "softwareUpdateConfigurationProperties": {
      "type": "object",
      "properties": {
        "updateConfiguration": {
          "oneOf": [
            {
              "$ref": "#/definitions/updateConfiguration"
            },
            {
              "$ref": "https://schema.management.azure.com/schemas/2015-01-01/deploymentTemplate.json#/definitions/expression"
            }
          ],
          "description": "update specific properties for the Software update configuration"
        },
        "scheduleInfo": {
          "oneOf": [
            {
              "$ref": "#/definitions/ScheduleProperties"
            },
            {
              "$ref": "https://schema.management.azure.com/schemas/2015-01-01/deploymentTemplate.json#/definitions/expression"
            }
          ],
          "description": "Schedule information for the Software update configuration"
        },
        "error": {
          "oneOf": [
            {
              "$ref": "#/definitions/ErrorResponse"
            },
            {
              "$ref": "https://schema.management.azure.com/schemas/2015-01-01/deploymentTemplate.json#/definitions/expression"
            }
          ],
          "description": "detailes of provisioning error"
        }
      },
      "required": [
        "updateConfiguration",
        "scheduleInfo"
      ],
      "description": "Software update configuration properties."
    },
    "updateConfiguration": {
      "type": "object",
      "properties": {
        "operatingSystem": {
          "oneOf": [
            {
              "type": "string",
              "enum": [
                "Windows",
                "Linux"
              ]
            },
            {
              "$ref": "https://schema.management.azure.com/schemas/2015-01-01/deploymentTemplate.json#/definitions/expression"
            }
          ],
          "description": "operating system of target machines."
        },
        "windows": {
          "oneOf": [
            {
              "$ref": "#/definitions/WindowsProperties"
            },
            {
              "$ref": "https://schema.management.azure.com/schemas/2015-01-01/deploymentTemplate.json#/definitions/expression"
            }
          ],
          "description": "Windows specific update configuration."
        },
        "linux": {
          "oneOf": [
            {
              "$ref": "#/definitions/LinuxProperties"
            },
            {
              "$ref": "https://schema.management.azure.com/schemas/2015-01-01/deploymentTemplate.json#/definitions/expression"
            }
          ],
          "description": "Linux specific update configuration."
        },
        "duration": {
          "type": "string",
          "format": "duration",
          "description": "Maximum time allowed for the software update configuration run. Duration needs to be specified using the format PT[n]H[n]M[n]S as per ISO8601"
        },
        "azureVirtualMachines": {
          "oneOf": [
            {
              "type": "array",
              "items": {
                "type": "string"
              }
            },
            {
              "$ref": "https://schema.management.azure.com/schemas/2015-01-01/deploymentTemplate.json#/definitions/expression"
            }
          ],
          "description": "List of azure resource Ids for azure virtual machines targeted by the software update configuration."
        },
        "nonAzureComputerNames": {
          "oneOf": [
            {
              "type": "array",
              "items": {
                "type": "string"
              }
            },
            {
              "$ref": "https://schema.management.azure.com/schemas/2015-01-01/deploymentTemplate.json#/definitions/expression"
            }
          ],
          "description": "List of names of non-azure machines targeted by the software update configuration."
        }
      },
      "required": [
        "operatingSystem"
      ],
      "description": "Update specifc properties of the software update configuration."
    },
    "WindowsProperties": {
      "type": "object",
      "properties": {
        "includedUpdateClassifications": {
          "oneOf": [
            {
              "type": "string",
              "enum": [
                "Unclassified",
                "Critical",
                "Security",
                "UpdateRollup",
                "FeaturePack",
                "ServicePack",
                "Definition",
                "Tools",
                "Updates"
              ]
            },
            {
              "$ref": "https://schema.management.azure.com/schemas/2015-01-01/deploymentTemplate.json#/definitions/expression"
            }
          ],
          "description": "Update classification included in the software update configuration. A comma separated string with required values."
        },
        "excludedKbNumbers": {
          "oneOf": [
            {
              "type": "array",
              "items": {
                "type": "string"
              }
            },
            {
              "$ref": "https://schema.management.azure.com/schemas/2015-01-01/deploymentTemplate.json#/definitions/expression"
            }
          ],
          "description": "KB numbers excluded from the software update configuration."
        }
      },
      "description": "Windows specific update configuration."
    }
  }
}
