{
  "id": "https://schema.management.azure.com/schemas/2018-06-01-preview/microsoft.insights.json#",
  "$schema": "http://json-schema.org/draft-04/schema#",
  "title": "microsoft.insights",
  "description": "microsoft insights Resource Types",
  "resourceDefinitions": {
    "guestDiagnosticSettings": {
      "type": "object",
      "properties": {
        "name": {
          "type": "string",
          "description": "The name of the diagnostic setting."
        },
        "type": {
          "type": "string",
          "enum": [
            "microsoft.insights/guestDiagnosticSettings"
          ]
        },
        "apiVersion": {
          "type": "string",
          "enum": [
            "2018-06-01-preview"
          ]
        },
        "location": {
          "type": "string",
          "description": "Resource location"
        },
        "tags": {
          "oneOf": [
            {
              "type": "object",
              "additionalProperties": {
                "type": "string"
              },
              "properties": {}
            },
            {
              "$ref": "https://schema.management.azure.com/schemas/common/definitions.json#/definitions/expression"
            }
          ],
          "description": "Resource tags"
        },
        "properties": {
          "oneOf": [
            {
              "$ref": "#/definitions/GuestDiagnosticSettings"
            },
            {
              "$ref": "https://schema.management.azure.com/schemas/common/definitions.json#/definitions/expression"
            }
          ],
          "description": "Virtual machine diagnostic settings"
        }
      },
      "required": [
        "name",
        "type",
        "apiVersion",
        "location",
        "properties"
      ],
      "description": "microsoft.insights/guestDiagnosticSettings"
    }
  },
  "unknown_resourceDefinitions": {
    "guestDiagnosticSettingsAssociation": {
      "type": "object",
      "properties": {
        "name": {
          "type": "string",
          "description": "The name of the diagnostic settings association."
        },
        "type": {
          "type": "string",
          "enum": [
            "microsoft.insights/guestDiagnosticSettingsAssociation"
          ]
        },
        "apiVersion": {
          "type": "string",
          "enum": [
            "2018-06-01-preview"
          ]
        },
        "location": {
          "type": "string",
          "description": "Resource location"
        },
        "tags": {
          "oneOf": [
            {
              "type": "object",
              "additionalProperties": {
                "type": "string"
              },
              "properties": {}
            },
            {
              "$ref": "https://schema.management.azure.com/schemas/common/definitions.json#/definitions/expression"
            }
          ],
          "description": "Resource tags"
        },
        "properties": {
          "oneOf": [
            {
              "$ref": "#/definitions/GuestDiagnosticSettingsAssociation"
            },
            {
              "$ref": "https://schema.management.azure.com/schemas/common/definitions.json#/definitions/expression"
            }
          ],
          "description": "A guest diagnostic settings association."
        }
      },
      "required": [
        "name",
        "type",
        "apiVersion",
        "location",
        "properties"
      ],
      "description": "microsoft.insights/guestDiagnosticSettingsAssociation"
    }
  },
  "definitions": {
    "DataSource": {
      "type": "object",
      "properties": {
        "kind": {
          "oneOf": [
            {
              "type": "string",
              "enum": [
                "PerformanceCounter",
                "ETWProviders",
                "WindowsEventLogs"
              ]
            },
            {
              "$ref": "https://schema.management.azure.com/schemas/common/definitions.json#/definitions/expression"
            }
          ],
          "description": "Datasource kind."
        },
        "configuration": {
          "oneOf": [
            {
              "$ref": "#/definitions/DataSourceConfiguration"
            },
            {
              "$ref": "https://schema.management.azure.com/schemas/common/definitions.json#/definitions/expression"
            }
          ]
        },
        "sinks": {
          "oneOf": [
            {
              "type": "array",
              "items": {
                "$ref": "#/definitions/SinkConfiguration"
              }
            },
            {
              "$ref": "https://schema.management.azure.com/schemas/common/definitions.json#/definitions/expression"
            }
          ]
        }
      },
      "required": [
        "kind",
        "configuration",
        "sinks"
      ],
      "description": "Data source object contains configuration to collect telemetry and one or more sinks to send that telemetry data to"
    },
    "DataSourceConfiguration": {
      "type": "object",
      "properties": {
        "providers": {
          "oneOf": [
            {
              "type": "array",
              "items": {
                "$ref": "#/definitions/EtwProviderConfiguration"
              }
            },
            {
              "$ref": "https://schema.management.azure.com/schemas/common/definitions.json#/definitions/expression"
            }
          ],
          "description": "ETW providers configuration"
        },
        "perfCounters": {
          "oneOf": [
            {
              "type": "array",
              "items": {
                "$ref": "#/definitions/PerformanceCounterConfiguration"
              }
            },
            {
              "$ref": "https://schema.management.azure.com/schemas/common/definitions.json#/definitions/expression"
            }
          ],
          "description": "Performance counter configuration"
        },
        "eventLogs": {
          "oneOf": [
            {
              "type": "array",
              "items": {
                "$ref": "#/definitions/EventLogConfiguration"
              }
            },
            {
              "$ref": "https://schema.management.azure.com/schemas/common/definitions.json#/definitions/expression"
            }
          ],
          "description": "Windows event logs configuration."
        }
      }
    },
    "EtwEventConfiguration": {
      "type": "object",
      "properties": {
        "name": {
          "type": "string"
        },
        "id": {
          "oneOf": [
            {
              "type": "integer"
            },
            {
              "$ref": "https://schema.management.azure.com/schemas/common/definitions.json#/definitions/expression"
            }
          ]
        },
        "filter": {
          "type": "string"
        }
      },
      "required": [
        "name",
        "id"
      ]
    },
    "EtwProviderConfiguration": {
      "type": "object",
      "properties": {
        "id": {
          "type": "string"
        },
        "events": {
          "oneOf": [
            {
              "type": "array",
              "items": {
                "$ref": "#/definitions/EtwEventConfiguration"
              }
            },
            {
              "$ref": "https://schema.management.azure.com/schemas/common/definitions.json#/definitions/expression"
            }
          ]
        }
      },
      "required": [
        "id",
        "events"
      ]
    },
    "EventLogConfiguration": {
      "type": "object",
      "properties": {
        "logName": {
          "type": "string"
        },
        "filter": {
          "type": "string"
        }
      },
      "required": [
        "logName"
      ]
    },
    "GuestDiagnosticSettings": {
      "type": "object",
      "properties": {
        "osType": {
          "oneOf": [
            {
              "type": "string",
              "enum": [
                "Windows",
                "Linux"
              ]
            },
            {
              "$ref": "https://schema.management.azure.com/schemas/common/definitions.json#/definitions/expression"
            }
          ],
          "description": "Operating system type for the configuration."
        },
        "dataSources": {
          "oneOf": [
            {
              "type": "array",
              "items": {
                "$ref": "#/definitions/DataSource"
              }
            },
            {
              "$ref": "https://schema.management.azure.com/schemas/common/definitions.json#/definitions/expression"
            }
          ],
          "description": "the array of data source object which are configured to collect and send data"
        },
        "proxySetting": {
          "type": "string"
        }
      },
      "description": "Virtual machine diagnostic settings"
    },
    "GuestDiagnosticSettingsAssociation": {
      "type": "object",
      "properties": {
        "guestDiagnosticSettingsName": {
          "type": "string",
          "description": "The guest diagnostic settings name."
        }
      },
      "required": [
        "guestDiagnosticSettingsName"
      ],
      "description": "A guest diagnostic settings association."
    },
    "PerformanceCounterConfiguration": {
      "type": "object",
      "properties": {
        "name": {
          "type": "string"
        },
        "samplingPeriod": {
          "type": "string"
        },
        "instance": {
          "type": "string"
        }
      },
      "required": [
        "name",
        "samplingPeriod"
      ]
    },
    "SinkConfiguration": {
      "type": "object",
      "properties": {
        "kind": {
          "oneOf": [
            {
              "type": "string",
              "enum": [
                "EventHub",
                "ApplicationInsights",
                "LogAnalytics"
              ]
            },
            {
              "$ref": "https://schema.management.azure.com/schemas/common/definitions.json#/definitions/expression"
            }
          ]
        }
      },
      "required": [
        "kind"
      ]
    }
  }
}
